
============================================================
[DEV SESSION STARTED] 2026-07-26T11:46:07.778Z
============================================================
[2026-07-26T11:46:11.082Z] [CLIENT] [INFO] [/admin/dashboard] [Debug] 🔍 Firestore Debug disponible. Pulsa Ctrl+Shift+D para abrir.

============================================================
[DEV SESSION STARTED] 2026-07-26T11:46:19.815Z
============================================================
[2026-07-26T11:46:20.922Z] [CLIENT] [INFO] [/admin/users] [Debug] 🔍 Firestore Debug disponible. Pulsa Ctrl+Shift+D para abrir.
[2026-07-26T11:46:23.372Z] [CLIENT] [INFO] [/admin/trainers] [Debug] 🔍 Firestore Debug disponible. Pulsa Ctrl+Shift+D para abrir.
[2026-07-26T11:46:25.131Z] [CLIENT] [INFO] [/admin/users] [Debug] 🔍 Firestore Debug disponible. Pulsa Ctrl+Shift+D para abrir.

============================================================
[DEV SESSION STARTED] 2026-07-26T11:46:30.517Z
============================================================

============================================================
[DEV SESSION STARTED] 2026-07-26T11:46:39.895Z
============================================================
[2026-07-26T11:46:39.240Z] [CLIENT] [INFO] [/admin/users] [Debug] 🔍 Firestore Debug disponible. Pulsa Ctrl+Shift+D para abrir.
[2026-07-26T11:46:39.897Z] [CLIENT] [LOG] [/admin/users] [vite] server connection lost. Polling for restart...
[2026-07-26T11:46:41.047Z] [CLIENT] [INFO] [/admin/users] [Debug] 🔍 Firestore Debug disponible. Pulsa Ctrl+Shift+D para abrir.
[2026-07-26T11:46:41.258Z] [CLIENT] [INFO] [/admin/users] [Debug] 🔍 Firestore Debug disponible. Pulsa Ctrl+Shift+D para abrir.

============================================================
[DEV SESSION STARTED] 2026-07-26T11:46:43.086Z
============================================================
[2026-07-26T11:46:46.568Z] [CLIENT] [INFO] [/admin/clients] [Debug] 🔍 Firestore Debug disponible. Pulsa Ctrl+Shift+D para abrir.
[2026-07-26T11:46:49.120Z] [CLIENT] [INFO] [/admin/settings] [Debug] 🔍 Firestore Debug disponible. Pulsa Ctrl+Shift+D para abrir.

============================================================
[DEV SESSION STARTED] 2026-07-26T11:46:51.333Z
============================================================
[2026-07-26T11:46:59.979Z] [CLIENT] [INFO] [/admin/clients] [Debug] 🔍 Firestore Debug disponible. Pulsa Ctrl+Shift+D para abrir.
[2026-07-26T11:47:05.168Z] [CLIENT] [INFO] [/admin/clients] [Debug] 🔍 Firestore Debug disponible. Pulsa Ctrl+Shift+D para abrir.
[2026-07-26T11:47:08.866Z] [CLIENT] [INFO] [/admin/trainers] [Debug] 🔍 Firestore Debug disponible. Pulsa Ctrl+Shift+D para abrir.

============================================================
[DEV SESSION STARTED] 2026-07-26T11:47:12.124Z
============================================================
[2026-07-26T11:47:13.116Z] [CLIENT] [INFO] [/admin/users] [Debug] 🔍 Firestore Debug disponible. Pulsa Ctrl+Shift+D para abrir.
[2026-07-26T11:48:54.079Z] [CLIENT] [INFO] [/admin/users] [Debug] 🔍 Firestore Debug disponible. Pulsa Ctrl+Shift+D para abrir.
[2026-07-26T11:49:01.532Z] [CLIENT] [INFO] [/admin/users] [Debug] 🔍 Firestore Debug disponible. Pulsa Ctrl+Shift+D para abrir.
[2026-07-26T11:49:02.856Z] [CLIENT] [INFO] [/admin/trainers] [Debug] 🔍 Firestore Debug disponible. Pulsa Ctrl+Shift+D para abrir.
[2026-07-26T11:49:04.369Z] [CLIENT] [INFO] [/admin/clients] [Debug] 🔍 Firestore Debug disponible. Pulsa Ctrl+Shift+D para abrir.
[2026-07-26T11:49:05.462Z] [CLIENT] [INFO] [/trainer/dashboard] [Debug] 🔍 Firestore Debug disponible. Pulsa Ctrl+Shift+D para abrir.
[2026-07-26T11:49:05.759Z] [CLIENT] [ERROR] [/trainer/dashboard] [Trainer] Error al suscribirse a conversaciones: FirebaseError: Missing or insufficient permissions.
FirebaseError: Missing or insufficient permissions.
[2026-07-26T11:49:10.358Z] [CLIENT] [INFO] [/trainer/dashboard] [Debug] 🔍 Firestore Debug disponible. Pulsa Ctrl+Shift+D para abrir.
[2026-07-26T11:49:10.653Z] [CLIENT] [ERROR] [/trainer/dashboard] [Trainer] Error al suscribirse a conversaciones: FirebaseError: Missing or insufficient permissions.
FirebaseError: Missing or insufficient permissions.
[2026-07-26T11:49:17.324Z] [CLIENT] [INFO] [/trainer/dashboard] [Debug] 🔍 Firestore Debug disponible. Pulsa Ctrl+Shift+D para abrir.
[2026-07-26T11:49:17.747Z] [CLIENT] [ERROR] [/trainer/dashboard] [Trainer] Error al suscribirse a conversaciones: FirebaseError: Missing or insufficient permissions.
FirebaseError: Missing or insufficient permissions.

============================================================
[DEV SESSION STARTED] 2026-07-26T11:49:24.586Z
============================================================

============================================================
[DEV SESSION STARTED] 2026-07-26T11:49:32.072Z
============================================================
[2026-07-26T11:49:36.234Z] [CLIENT] [INFO] [/trainer/clients] [Debug] 🔍 Firestore Debug disponible. Pulsa Ctrl+Shift+D para abrir.
[2026-07-26T11:49:38.839Z] [CLIENT] [INFO] [/trainer/workouts] [Debug] 🔍 Firestore Debug disponible. Pulsa Ctrl+Shift+D para abrir.
[2026-07-26T11:49:41.370Z] [CLIENT] [INFO] [/trainer/diets] [Debug] 🔍 Firestore Debug disponible. Pulsa Ctrl+Shift+D para abrir.
[2026-07-26T11:49:43.869Z] [CLIENT] [INFO] [/] [Debug] 🔍 Firestore Debug disponible. Pulsa Ctrl+Shift+D para abrir.
[2026-07-26T11:49:46.494Z] [CLIENT] [INFO] [/] [Debug] 🔍 Firestore Debug disponible. Pulsa Ctrl+Shift+D para abrir.
[2026-07-26T11:49:48.173Z] [CLIENT] [INFO] [/login] [Debug] 🔍 Firestore Debug disponible. Pulsa Ctrl+Shift+D para abrir.
[2026-07-26T11:51:28.940Z] [CLIENT] [INFO] [/login] [Debug] 🔍 Firestore Debug disponible. Pulsa Ctrl+Shift+D para abrir.
[2026-07-26T11:51:30.511Z] [CLIENT] [INFO] [/register] [Debug] 🔍 Firestore Debug disponible. Pulsa Ctrl+Shift+D para abrir.
[2026-07-26T11:52:09.571Z] [CLIENT] [INFO] [/register] [Debug] 🔍 Firestore Debug disponible. Pulsa Ctrl+Shift+D para abrir.
[2026-07-26T11:52:10.787Z] [CLIENT] [INFO] [/register] [Debug] 🔍 Firestore Debug disponible. Pulsa Ctrl+Shift+D para abrir.
[2026-07-26T11:52:13.134Z] [CLIENT] [INFO] [/login] [Debug] 🔍 Firestore Debug disponible. Pulsa Ctrl+Shift+D para abrir.
[2026-07-26T11:52:32.618Z] [CLIENT] [INFO] [/login] [Debug] 🔍 Firestore Debug disponible. Pulsa Ctrl+Shift+D para abrir.

============================================================
[DEV SESSION STARTED] 2026-07-26T11:53:07.736Z
============================================================

============================================================
[DEV SESSION STARTED] 2026-07-26T11:53:15.315Z
============================================================
[2026-07-26T11:53:19.149Z] [CLIENT] [INFO] [/login] [Debug] 🔍 Firestore Debug disponible. Pulsa Ctrl+Shift+D para abrir.

============================================================
[DEV SESSION STARTED] 2026-07-26T11:53:33.302Z
============================================================
[2026-07-26T11:54:13.039Z] [CLIENT] [INFO] [/login] [Debug] 🔍 Firestore Debug disponible. Pulsa Ctrl+Shift+D para abrir.
[2026-07-26T11:54:19.537Z] [CLIENT] [INFO] [/login] [Debug] 🔍 Firestore Debug disponible. Pulsa Ctrl+Shift+D para abrir.
[2026-07-26T11:54:28.942Z] [CLIENT] [INFO] [/login] [Debug] 🔍 Firestore Debug disponible. Pulsa Ctrl+Shift+D para abrir.
[2026-07-26T11:54:37.787Z] [CLIENT] [INFO] [/login] [Debug] 🔍 Firestore Debug disponible. Pulsa Ctrl+Shift+D para abrir.
[2026-07-26T11:54:43.701Z] [CLIENT] [INFO] [/login] [Debug] 🔍 Firestore Debug disponible. Pulsa Ctrl+Shift+D para abrir.
[2026-07-26T11:54:48.691Z] [CLIENT] [INFO] [/login] [Debug] 🔍 Firestore Debug disponible. Pulsa Ctrl+Shift+D para abrir.
[2026-07-26T11:54:54.174Z] [CLIENT] [INFO] [/login] [Debug] 🔍 Firestore Debug disponible. Pulsa Ctrl+Shift+D para abrir.
[2026-07-26T11:54:59.482Z] [CLIENT] [INFO] [/login] [Debug] 🔍 Firestore Debug disponible. Pulsa Ctrl+Shift+D para abrir.
[2026-07-26T11:55:07.292Z] [CLIENT] [INFO] [/login] [Debug] 🔍 Firestore Debug disponible. Pulsa Ctrl+Shift+D para abrir.
[2026-07-26T11:55:10.305Z] [CLIENT] [INFO] [/login] [Debug] 🔍 Firestore Debug disponible. Pulsa Ctrl+Shift+D para abrir.
[2026-07-26T11:55:15.197Z] [CLIENT] [INFO] [/login] [Debug] 🔍 Firestore Debug disponible. Pulsa Ctrl+Shift+D para abrir.
[2026-07-26T11:55:20.167Z] [CLIENT] [INFO] [/login] [Debug] 🔍 Firestore Debug disponible. Pulsa Ctrl+Shift+D para abrir.
[2026-07-26T11:55:25.174Z] [CLIENT] [INFO] [/login] [Debug] 🔍 Firestore Debug disponible. Pulsa Ctrl+Shift+D para abrir.
[2026-07-26T11:55:30.153Z] [CLIENT] [INFO] [/login] [Debug] 🔍 Firestore Debug disponible. Pulsa Ctrl+Shift+D para abrir.
[2026-07-26T11:55:35.162Z] [CLIENT] [INFO] [/login] [Debug] 🔍 Firestore Debug disponible. Pulsa Ctrl+Shift+D para abrir.
[2026-07-26T11:55:43.467Z] [CLIENT] [INFO] [/login] [Debug] 🔍 Firestore Debug disponible. Pulsa Ctrl+Shift+D para abrir.
[2026-07-26T11:55:46.667Z] [CLIENT] [INFO] [/login] [Debug] 🔍 Firestore Debug disponible. Pulsa Ctrl+Shift+D para abrir.
[2026-07-26T11:55:47.150Z] [CLIENT] [INFO] [/login] [Debug] 🔍 Firestore Debug disponible. Pulsa Ctrl+Shift+D para abrir.
[2026-07-26T11:55:48.657Z] [CLIENT] [INFO] [/login] [Debug] 🔍 Firestore Debug disponible. Pulsa Ctrl+Shift+D para abrir.
[2026-07-26T11:55:49.408Z] [CLIENT] [INFO] [/login] [Debug] 🔍 Firestore Debug disponible. Pulsa Ctrl+Shift+D para abrir.
[2026-07-26T11:55:50.042Z] [CLIENT] [INFO] [/login] [Debug] 🔍 Firestore Debug disponible. Pulsa Ctrl+Shift+D para abrir.
[2026-07-26T11:55:54.151Z] [CLIENT] [INFO] [/login] [Debug] 🔍 Firestore Debug disponible. Pulsa Ctrl+Shift+D para abrir.
[2026-07-26T11:55:58.189Z] [CLIENT] [INFO] [/login] [Debug] 🔍 Firestore Debug disponible. Pulsa Ctrl+Shift+D para abrir.
[2026-07-26T11:56:05.156Z] [CLIENT] [INFO] [/login] [Debug] 🔍 Firestore Debug disponible. Pulsa Ctrl+Shift+D para abrir.
[2026-07-26T11:56:09.171Z] [CLIENT] [INFO] [/login] [Debug] 🔍 Firestore Debug disponible. Pulsa Ctrl+Shift+D para abrir.
[2026-07-26T11:56:15.228Z] [CLIENT] [INFO] [/login] [Debug] 🔍 Firestore Debug disponible. Pulsa Ctrl+Shift+D para abrir.
[2026-07-26T11:56:20.183Z] [CLIENT] [INFO] [/login] [Debug] 🔍 Firestore Debug disponible. Pulsa Ctrl+Shift+D para abrir.
[2026-07-26T11:56:26.170Z] [CLIENT] [INFO] [/login] [Debug] 🔍 Firestore Debug disponible. Pulsa Ctrl+Shift+D para abrir.
[2026-07-26T11:56:31.179Z] [CLIENT] [INFO] [/login] [Debug] 🔍 Firestore Debug disponible. Pulsa Ctrl+Shift+D para abrir.
[2026-07-26T11:56:36.250Z] [CLIENT] [INFO] [/login] [Debug] 🔍 Firestore Debug disponible. Pulsa Ctrl+Shift+D para abrir.
[2026-07-26T11:56:43.143Z] [CLIENT] [INFO] [/login] [Debug] 🔍 Firestore Debug disponible. Pulsa Ctrl+Shift+D para abrir.
[2026-07-26T11:56:49.534Z] [CLIENT] [INFO] [/login] [Debug] 🔍 Firestore Debug disponible. Pulsa Ctrl+Shift+D para abrir.
[2026-07-26T11:56:55.481Z] [CLIENT] [INFO] [/login] [Debug] 🔍 Firestore Debug disponible. Pulsa Ctrl+Shift+D para abrir.
[2026-07-26T11:57:00.935Z] [CLIENT] [INFO] [/login] [Debug] 🔍 Firestore Debug disponible. Pulsa Ctrl+Shift+D para abrir.

============================================================
[DEV SESSION STARTED] 2026-07-26T11:57:05.760Z
============================================================
[2026-07-26T11:57:20.200Z] [CLIENT] [INFO] [/login] [Debug] 🔍 Firestore Debug disponible. Pulsa Ctrl+Shift+D para abrir.
[2026-07-26T11:57:26.664Z] [CLIENT] [INFO] [/login] [Debug] 🔍 Firestore Debug disponible. Pulsa Ctrl+Shift+D para abrir.

============================================================
[DEV SESSION STARTED] 2026-07-26T11:57:36.945Z
============================================================

============================================================
[DEV SESSION STARTED] 2026-07-26T11:58:26.879Z
============================================================

============================================================
[DEV SESSION STARTED] 2026-07-26T11:58:34.886Z
============================================================
[2026-07-26T11:58:49.431Z] [CLIENT] [INFO] [/login] [Debug] 🔍 Firestore Debug disponible. Pulsa Ctrl+Shift+D para abrir.
[2026-07-26T11:59:08.264Z] [CLIENT] [INFO] [/login] [Debug] 🔍 Firestore Debug disponible. Pulsa Ctrl+Shift+D para abrir.

============================================================
[DEV SESSION STARTED] 2026-07-26T11:59:27.503Z
============================================================
[2026-07-26T11:59:41.556Z] [CLIENT] [INFO] [/login] [Debug] 🔍 Firestore Debug disponible. Pulsa Ctrl+Shift+D para abrir.
[2026-07-26T11:59:51.428Z] [CLIENT] [INFO] [/login] [Debug] 🔍 Firestore Debug disponible. Pulsa Ctrl+Shift+D para abrir.

============================================================
[DEV SESSION STARTED] 2026-07-26T12:00:03.950Z
============================================================
[2026-07-26T12:00:11.229Z] [CLIENT] [INFO] [/login] [Debug] 🔍 Firestore Debug disponible. Pulsa Ctrl+Shift+D para abrir.
[2026-07-26T12:00:14.640Z] [CLIENT] [INFO] [/login] [Debug] 🔍 Firestore Debug disponible. Pulsa Ctrl+Shift+D para abrir.
[2026-07-26T12:00:17.688Z] [CLIENT] [INFO] [/] [Debug] 🔍 Firestore Debug disponible. Pulsa Ctrl+Shift+D para abrir.
[2026-07-26T12:00:20.328Z] [CLIENT] [INFO] [/] [Debug] 🔍 Firestore Debug disponible. Pulsa Ctrl+Shift+D para abrir.
[2026-07-26T12:01:06.268Z] [CLIENT] [INFO] [/] [Debug] 🔍 Firestore Debug disponible. Pulsa Ctrl+Shift+D para abrir.
[2026-07-26T12:01:07.165Z] [CLIENT] [INFO] [/] [Debug] 🔍 Firestore Debug disponible. Pulsa Ctrl+Shift+D para abrir.
[2026-07-26T12:01:13.157Z] [CLIENT] [INFO] [/] [Debug] 🔍 Firestore Debug disponible. Pulsa Ctrl+Shift+D para abrir.

============================================================
[DEV SESSION STARTED] 2026-07-26T12:01:15.574Z
============================================================

============================================================
[DEV SESSION STARTED] 2026-07-26T12:01:42.736Z
============================================================

============================================================
[DEV SESSION STARTED] 2026-07-26T12:01:50.797Z
============================================================
